streamLayers(
;   ( layer                           streamNumber    dataType        translate        )
;   ( -----                           ------------    --------        ---------        )
    ( ("Nwell" "drawing")             2               0               t                )
    ( ("Oxide" "drawing")             1               0               t                )
    ( ("Oxide_thk" "drawing")         24              0               t                )
    ( ("Poly" "drawing")              3               0               t                )
    ( ("Pimp" "drawing")              5               0               t                )
    ( ("Nhvt" "drawing")              18              0               t                )
    ( ("Nimp" "drawing")              4               0               t                )
    ( ("Phvt" "drawing")              23              0               t                )
    ( ("Nzvt" "drawing")              52              0               t                )
    ( ("SiProt" "drawing")            72              0               t                )
    ( ("Cont" "drawing")              6               0               t                )
    ( ("Metal1" "drawing")            7               0               t                )
    ( ("Metal1" "label")              7               3               t                )
    ( ("Metal1" "net")                7               4               t                )
    ( ("Metal1" "pin")                7               1               t                )
    ( ("Via1" "drawing")              8               0               t                )
    ( ("Metal2" "drawing")            9               0               t                )
    ( ("Metal2" "label")              9               3               t                )
    ( ("Metal2" "net")                9               4               t                )
    ( ("Metal2" "pin")                9               1               t                )
    ( ("Via2" "drawing")              10              0               t                )
    ( ("Metal3" "drawing")            11              0               t                )
    ( ("Metal3" "label")              11              3               t                )
    ( ("Metal3" "net")                11              4               t                )
    ( ("Metal3" "pin")                11              1               t                )
    ( ("Via3" "drawing")              30              0               t                )
    ( ("Metal4" "drawing")            31              0               t                )
    ( ("Metal4" "label")              31              3               t                )
    ( ("Metal4" "net")                31              4               t                )
    ( ("Metal4" "pin")                31              1               t                )
    ( ("Via4" "drawing")              32              0               t                )
    ( ("Metal5" "drawing")            33              0               t                )
    ( ("Metal5" "label")              33              3               t                )
    ( ("Metal5" "net")                33              4               t                )
    ( ("Metal5" "pin")                33              1               t                )
    ( ("Via5" "drawing")              34              0               t                )
    ( ("Metal6" "drawing")            35              0               t                )
    ( ("Metal6" "label")              35              3               t                )
    ( ("Metal6" "net")                35              4               t                )
    ( ("Metal6" "pin")                35              1               t                )
    ( ("Via6" "drawing")              37              0               t                )
    ( ("Metal7" "drawing")            38              0               t                )
    ( ("Metal7" "label")              38              3               t                )
    ( ("Metal7" "net")                38              4               t                )
    ( ("Metal7" "pin")                38              1               t                )
    ( ("Via7" "drawing")              39              0               t                )
    ( ("Metal8" "drawing")            40              0               t                )
    ( ("Metal8" "label")              40              3               t                )
    ( ("Metal8" "net")                40              4               t                )
    ( ("Metal8" "pin")                40              1               t                )
    ( ("Via8" "drawing")              41              0               t                )
    ( ("Metal9" "drawing")            42              0               t                )
    ( ("Metal9" "label")              42              3               t                )
    ( ("Metal9" "net")                42              4               t                )
    ( ("Metal9" "pin")                42              1               t                )
    ( ("CapMetal" "drawing")          14              0               t                )
    ( ("Nburied" "drawing")           19              0               t                )
    ( ("Psub" "drawing")              25              0               t                )
    ( ("Metal1" "slot")               7               2               t                )
    ( ("Metal2" "slot")               9               2               t                )
    ( ("Metal3" "slot")               11              2               t                )
    ( ("Metal4" "slot")               31              2               t                )
    ( ("Metal5" "slot")               33              2               t                )
    ( ("Metal6" "slot")               35              2               t                )
    ( ("Metal7" "slot")               38              2               t                )
    ( ("Metal8" "slot")               40              2               t                )
    ( ("Metal9" "slot")               42              2               t                )
    ( ("Bondpad" "drawing")           36              0               t                )
    ( ("INDdummy" "drawing")          16              0               t                )
    ( ("IND2dummy" "drawing")         17              0               t                )
    ( ("IND3dummy" "drawing")         70              0               t                )
    ( ("Cap3dum" "drawing")           84              0               t                )
    ( ("Capdum" "drawing")            12              0               t                )
    ( ("Resdum" "drawing")            13              0               t                )
    ( ("BJTdum" "drawing")            15              0               t                )
    ( ("ResWdum" "drawing")           71              0               t                )
    ( ("VPNP10dum" "drawing")         62              0               t                )
    ( ("VPNP2dum" "drawing")          60              0               t                )
    ( ("VPNP5dum" "drawing")          61              0               t                )
    ( ("M1Resdum" "drawing")          75              0               t                )
    ( ("M2Resdum" "drawing")          76              0               t                )
    ( ("M3Resdum" "drawing")          77              0               t                )
    ( ("M4Resdum" "drawing")          78              0               t                )
    ( ("M5Resdum" "drawing")          79              0               t                )
    ( ("M6Resdum" "drawing")          80              0               t                )
    ( ("M7Resdum" "drawing")          81              0               t                )
    ( ("M8Resdum" "drawing")          82              0               t                )
    ( ("M9Resdum" "drawing")          83              0               t                )
    ( ("NPNdummy" "drawing")          20              0               t                )
    ( ("PNPdummy" "drawing")          21              0               t                )
    ( ("DIOdummy" "drawing")          22              0               t                )
    ( ("ESDdummy" "drawing")          74              0               t                )
    ( ("Nwell" "Variable")            2               3               nil              )
    ( ("Psub" "Variable")             80              3               nil              )
) ;streamLayers

