\o Program:		@(#)$CDS: libManager version 6.1.8 - CAT37 03/22/2020 00:06 (cpgsrv12) $
\o Sub version:		sub-version  s113 
\o Arguments:		-unmapped -mpssession virtuoso18915 -mpshost walvrh214mon 
\o Working Directory:	walvrh214mon:/data/sample_data/GCDK612/FLOW_AMS_GCDK612_dm/design/custom_oa22
\o 64-bit offsets
\o Qt version: 		5.9.1
\o Loading customization file "/data/tools/3de/3DEXPERIENCER2021x.HF7.20210524.Linux64/linux_a64/cds/cdsLibMgr.il"
\o changeWorkingDir("/data/sample_data/GCDK612/FLOW_AMS_GCDK612_dm/design/custom_oa22") unnecessary.
\o ddSetForcedLib("") unnecessary.
\o Log file is "/data/sample_data/GCDK612/FLOW_AMS_GCDK612_dm/design/custom_oa22/libManager.log".
\o Opening libManager window.
\a nrSetWindowVisibility(cdsLibManager "show")
\o MPS service: map window
\o Library Manager customization server connected.
\a nrSetCurrentWindow(cdsLibManager)
\a nrResizeWindow(cdsLibManager list(316 135 1248 776))
\a nrResizeWindow(cdsLibManager list(432 96 1248 776))
\a nrResizeWindow(cdsLibManager list(408 53 1248 776))
\a nrResizeWindow(cdsLibManager list(381 66 1248 776))
\a nrResizeWindow(cdsLibManager list(351 74 1248 776))
\a nrSetCurrentWindow(cdsLibManager)
\a nrSetCurrentWindow(cdsLibManager)
\a cdsLibManager->libListBox->value = "ether"
\a cdsLibManager->libLineEdit->value = "ether"
\a cdsLibManager->cellListBox->value = "top"
\a cdsLibManager->cellLineEdit->value = "top"
\a cdsLibManager->viewListBox->value = "schematic"
\a cdsLibManager->viewLineEdit->value = "schematic"
\o MPS request: edit design
\a nrListItemAction(cdsLibManager->gdmXTView 14 0)
\a cdsLibManager->libListBox->value = nil
\a cdsLibManager->libLineEdit->value = ""
\a cdsLibManager->cellListBox->value = nil
\a cdsLibManager->viewLineEdit->value = ""
\a cdsLibManager->viewListBox->value = nil
\a cdsLibManager->cellLineEdit->value = ""
\a cdsLibManager->libListBox->value = "ether"
\a cdsLibManager->libLineEdit->value = "ether"
\a cdsLibManager->cellListBox->value = "top"
\a cdsLibManager->cellLineEdit->value = "top"
\a cdsLibManager->viewListBox->value = "schematic"
\a cdsLibManager->viewLineEdit->value = "schematic"
\a cdsLibManager->viewLineEdit->value = ""
\a cdsLibManager->viewListBox->value = nil
\a cdsLibManager->viewListBox->value = "schematic"
\a cdsLibManager->viewLineEdit->value = "schematic"
\a nrSetCurrentWindow(cdsLibManager)
\a nrSetCurrentWindow(cdsLibManager)
\a cdsLibManager->viewListBox->value = "layout"
\a cdsLibManager->viewLineEdit->value = "layout"
\o MPS request: edit design
\a nrListItemAction(cdsLibManager->gdmXTView 8 0)
\a nrSetCurrentWindow(cdsLibManager)
\a nrSetCurrentWindow(cdsLibManager)
\a nrSetCurrentWindow(cdsLibManager)
\a nrSetCurrentWindow(cdsLibManager)
